// Jest Snapshot v1, https://goo.gl/fbAQLP

exports[`Header component matches snapshot 1`] = `
<DocumentFragment>
  <div
    class="css-0"
  >
    <header
      class="MuiPaper-root MuiPaper-elevation MuiPaper-elevation0 MuiAppBar-root MuiAppBar-colorPrimary MuiAppBar-positionStatic css-1twrj82-MuiPaper-root-MuiAppBar-root"
    >
      <div
        class="MuiBox-root css-1udqnvq"
      >
        <div
          class="MuiToolbar-root MuiToolbar-gutters MuiToolbar-regular css-gihjh0-MuiToolbar-root"
        >
          <div
            class="MuiBox-root css-maj3td"
          >
            <button
              aria-label="Open filter drawer"
              class="MuiButtonBase-root MuiIconButton-root MuiIconButton-sizeMedium css-78trlr-MuiButtonBase-root-MuiIconButton-root"
              tabindex="0"
              type="button"
            >
              <svg
                aria-hidden="true"
                class="MuiSvgIcon-root MuiSvgIcon-fontSizeMedium css-i4bv87-MuiSvgIcon-root"
                data-testid="FilterAltIcon"
                focusable="false"
                style="color: white;"
                viewBox="0 0 24 24"
              >
                <path
                  d="M4.25 5.61C6.27 8.2 10 13 10 13v6c0 .55.45 1 1 1h2c.55 0 1-.45 1-1v-6s3.72-4.8 5.74-7.39c.51-.66.04-1.61-.79-1.61H5.04c-.83 0-1.3.95-.79 1.61z"
                />
              </svg>
              <span
                class="MuiTouchRipple-root css-8je8zh-MuiTouchRipple-root"
              />
            </button>
            <img
              alt="Cybersecurity and Infrastructure Security Agency Logo"
              src="cisaSeal.svg"
              style="height: 40px; margin-right: 8px;"
            />
            <a
              href="/"
              style="height: 30px;"
            >
              <img
                alt="CyHy Dashboard Icon Navigate Home"
                src="cyhydashboard.svg"
                style="width: 175px; max-width: 175px; padding: 8px 8px 8px 0px;"
              />
            </a>
            <div
              class="MuiBox-root css-1cj6uv1"
            >
              <div
                class="css-1ssxti9"
              >
                <a
                  aria-current="page"
                  class="NavItem-link NavItem-activeLink"
                  href="/"
                >
                  Overview
                </a>
              </div>
              <div
                class="css-1ssxti9"
              >
                <a
                  class="NavItem-link"
                  href="/inventory"
                >
                  Inventory
                </a>
              </div>
            </div>
          </div>
          <div
            class="MuiBox-root css-1xvlbjo"
          >
            <p
              class="MuiTypography-root MuiTypography-body1 css-ahj2mt-MuiTypography-root"
            >
              Standard User
            </p>
          </div>
          <div
            class="MuiBox-root css-pp441y"
          >
            <div
              class="MuiBox-root css-d0uhtl"
            >
              <button
                class="MuiButtonBase-root MuiButton-root MuiButton-text MuiButton-textPrimary MuiButton-sizeMedium MuiButton-textSizeMedium MuiButton-root MuiButton-text MuiButton-textPrimary MuiButton-sizeMedium MuiButton-textSizeMedium css-2oatfu-MuiButtonBase-root-MuiButton-root"
                style="color: white;"
                tabindex="0"
                type="button"
              >
                <span
                  class="MuiButton-startIcon MuiButton-iconSizeMedium css-1d6wzja-MuiButton-startIcon"
                >
                  <svg
                    aria-hidden="true"
                    class="MuiSvgIcon-root MuiSvgIcon-fontSizeMedium css-i4bv87-MuiSvgIcon-root"
                    data-testid="AccountCircleIcon"
                    focusable="false"
                    viewBox="0 0 24 24"
                  >
                    <path
                      d="M12 2C6.48 2 2 6.48 2 12s4.48 10 10 10 10-4.48 10-10S17.52 2 12 2zm0 4c1.93 0 3.5 1.57 3.5 3.5S13.93 13 12 13s-3.5-1.57-3.5-3.5S10.07 6 12 6zm0 14c-2.03 0-4.43-.82-6.14-2.88C7.55 15.8 9.68 15 12 15s4.45.8 6.14 2.12C16.43 19.18 14.03 20 12 20z"
                    />
                  </svg>
                </span>
                My Account
                <span
                  class="MuiButton-endIcon MuiButton-iconSizeMedium css-9tj150-MuiButton-endIcon"
                >
                  <svg
                    aria-hidden="true"
                    class="MuiSvgIcon-root MuiSvgIcon-fontSizeMedium css-i4bv87-MuiSvgIcon-root"
                    data-testid="ArrowDropDownIcon"
                    focusable="false"
                    viewBox="0 0 24 24"
                  >
                    <path
                      d="m7 10 5 5 5-5z"
                    />
                  </svg>
                </span>
                <span
                  class="MuiTouchRipple-root css-8je8zh-MuiTouchRipple-root"
                />
              </button>
            </div>
          </div>
        </div>
      </div>
    </header>
  </div>
</DocumentFragment>
`;
