// Jest Snapshot v1, https://goo.gl/fbAQLP

exports[`Layout component matches snapshot 1`] = `
<DocumentFragment>
  <div
    class="MuiScopedCssBaseline-root Layout-overrides css-qskzby-MuiScopedCssBaseline-root"
  >
    <div
      class="Layout-root"
    >
      <div
        style="display: flex;"
      >
        <div>
          GOV_BANNER
        </div>
        <div
          class="MuiBox-root css-1iuj5ih"
        >
          <button
            aria-label="Skip to main content"
            class="MuiButtonBase-root MuiButton-root MuiButton-text MuiButton-textPrimary MuiButton-sizeMedium MuiButton-textSizeMedium MuiButton-root MuiButton-text MuiButton-textPrimary MuiButton-sizeMedium MuiButton-textSizeMedium css-1a47txt-MuiButtonBase-root-MuiButton-root"
            data-mui-internal-clone-element="true"
            tabindex="0"
            type="button"
          >
            Skip to main content
            <span
              class="MuiTouchRipple-root css-8je8zh-MuiTouchRipple-root"
            />
          </button>
        </div>
      </div>
      <div
        style="display: flex; flex-direction: row; height: 100vh;"
      >
        <div
          class="MuiDrawer-root MuiDrawer-docked css-tmy8tc-MuiDrawer-docked"
        >
          <div
            class="MuiPaper-root MuiPaper-elevation MuiPaper-elevation0 MuiDrawer-paper MuiDrawer-paperAnchorLeft MuiDrawer-paperAnchorDockedLeft css-12i7wg6-MuiPaper-root-MuiDrawer-paper"
            style="visibility: hidden; position: unset; webkit-transform: translateX(-0px); transform: translateX(-0px);"
          >
            <div
              class="MuiBox-root css-1v5z18m"
              role="presentation"
            >
              <div
                class="MuiToolbar-root MuiToolbar-gutters MuiToolbar-regular css-y44dvl-MuiToolbar-root"
              >
                <div
                  class="MuiStack-root css-1sos3zc-MuiStack-root"
                >
                  <h3
                    class="MuiTypography-root MuiTypography-h6 css-2ulfj5-MuiTypography-root"
                  >
                    Filters
                  </h3>
                  <svg
                    aria-hidden="true"
                    class="MuiSvgIcon-root MuiSvgIcon-fontSizeMedium css-i4bv87-MuiSvgIcon-root"
                    data-testid="FilterAltIcon"
                    focusable="false"
                    viewBox="0 0 24 24"
                  >
                    <path
                      d="M4.25 5.61C6.27 8.2 10 13 10 13v6c0 .55.45 1 1 1h2c.55 0 1-.45 1-1v-6s3.72-4.8 5.74-7.39c.51-.66.04-1.61-.79-1.61H5.04c-.83 0-1.3.95-.79 1.61z"
                    />
                  </svg>
                </div>
              </div>
              <hr
                class="MuiDivider-root MuiDivider-fullWidth css-9mgopn-MuiDivider-root"
              />
              <div
                class="MuiBox-root css-19midj6"
              >
                <div
                  class="SearchBar-wrapper css-1ysk2k2"
                >
                  <div
                    class="SearchBar-inner MuiBox-root css-0"
                  >
                    <svg
                      aria-hidden="true"
                      class="MuiSvgIcon-root MuiSvgIcon-fontSizeMedium SearchBar-icon css-i4bv87-MuiSvgIcon-root"
                      data-testid="SearchOutlinedIcon"
                      focusable="false"
                      viewBox="0 0 24 24"
                    >
                      <path
                        d="M15.5 14h-.79l-.28-.27C15.41 12.59 16 11.11 16 9.5 16 5.91 13.09 3 9.5 3S3 5.91 3 9.5 5.91 16 9.5 16c1.61 0 3.09-.59 4.23-1.57l.27.28v.79l5 4.99L20.49 19l-4.99-5zm-6 0C7.01 14 5 11.99 5 9.5S7.01 5 9.5 5 14 7.01 14 9.5 11.99 14 9.5 14z"
                      />
                    </svg>
                    <form>
                      <input
                        class="SearchBar-inp"
                        placeholder="Search by Domain or IP"
                        value=""
                      />
                    </form>
                  </div>
                </div>
              </div>
              <div
                class="MuiPaper-root MuiPaper-elevation MuiPaper-rounded MuiPaper-elevation1 MuiAccordion-root MuiAccordion-rounded Mui-expanded MuiAccordion-gutters css-1elwnq4-MuiPaper-root-MuiAccordion-root"
              >
                <div
                  aria-expanded="true"
                  class="MuiButtonBase-root MuiAccordionSummary-root Mui-expanded MuiAccordionSummary-gutters css-sh22l5-MuiButtonBase-root-MuiAccordionSummary-root"
                  role="button"
                  tabindex="0"
                >
                  <div
                    class="MuiAccordionSummary-content Mui-expanded MuiAccordionSummary-contentGutters css-o4b71y-MuiAccordionSummary-content"
                  >
                    <p
                      class="MuiTypography-root MuiTypography-body1 css-ahj2mt-MuiTypography-root"
                    >
                      Region(s)
                    </p>
                  </div>
                  <div
                    class="MuiAccordionSummary-expandIconWrapper Mui-expanded css-yw020d-MuiAccordionSummary-expandIconWrapper"
                  >
                    <svg
                      aria-hidden="true"
                      class="MuiSvgIcon-root MuiSvgIcon-fontSizeMedium css-i4bv87-MuiSvgIcon-root"
                      data-testid="ExpandMoreIcon"
                      focusable="false"
                      viewBox="0 0 24 24"
                    >
                      <path
                        d="M16.59 8.59 12 13.17 7.41 8.59 6 10l6 6 6-6z"
                      />
                    </svg>
                  </div>
                </div>
                <div
                  class="MuiCollapse-root MuiCollapse-vertical MuiCollapse-entered css-pwcg7p-MuiCollapse-root"
                  style="min-height: 0px;"
                >
                  <div
                    class="MuiCollapse-wrapper MuiCollapse-vertical css-smkl36-MuiCollapse-wrapper"
                  >
                    <div
                      class="MuiCollapse-wrapperInner MuiCollapse-vertical css-9l5vo-MuiCollapse-wrapperInner"
                    >
                      <div
                        class="MuiAccordion-region"
                        role="region"
                      >
                        <div
                          class="MuiAccordionDetails-root css-15v22id-MuiAccordionDetails-root"
                        >
                          <ul
                            class="MuiList-root MuiList-padding css-h4y409-MuiList-root"
                          >
                            <li
                              class="MuiListItem-root MuiListItem-gutters MuiListItem-padding css-7h3vgg-MuiListItem-root"
                            >
                              <div
                                class="MuiFormGroup-root css-dmmspl-MuiFormGroup-root"
                              >
                                <label
                                  class="MuiFormControlLabel-root Mui-disabled MuiFormControlLabel-labelPlacementEnd css-lc0130-MuiFormControlLabel-root"
                                >
                                  <span
                                    aria-disabled="true"
                                    class="MuiButtonBase-root MuiCheckbox-root MuiCheckbox-colorPrimary MuiCheckbox-sizeMedium Mui-disabled PrivateSwitchBase-root MuiCheckbox-root MuiCheckbox-colorPrimary MuiCheckbox-sizeMedium Mui-checked Mui-disabled MuiCheckbox-root MuiCheckbox-colorPrimary MuiCheckbox-sizeMedium css-14343ou-MuiButtonBase-root-MuiCheckbox-root"
                                    tabindex="-1"
                                  >
                                    <input
                                      checked=""
                                      class="PrivateSwitchBase-input css-1m9pwf3"
                                      data-indeterminate="false"
                                      disabled=""
                                      type="checkbox"
                                    />
                                    <svg
                                      aria-hidden="true"
                                      class="MuiSvgIcon-root MuiSvgIcon-fontSizeMedium css-i4bv87-MuiSvgIcon-root"
                                      data-testid="CheckBoxIcon"
                                      focusable="false"
                                      viewBox="0 0 24 24"
                                    >
                                      <path
                                        d="M19 3H5c-1.11 0-2 .9-2 2v14c0 1.1.89 2 2 2h14c1.11 0 2-.9 2-2V5c0-1.1-.89-2-2-2zm-9 14l-5-5 1.41-1.41L10 14.17l7.59-7.59L19 8l-9 9z"
                                      />
                                    </svg>
                                  </span>
                                  <span
                                    class="MuiTypography-root MuiTypography-body1 MuiFormControlLabel-label Mui-disabled css-ahj2mt-MuiTypography-root"
                                  >
                                    Region 1234
                                  </span>
                                </label>
                              </div>
                            </li>
                          </ul>
                        </div>
                      </div>
                    </div>
                  </div>
                </div>
              </div>
              <div
                class="MuiPaper-root MuiPaper-elevation MuiPaper-rounded MuiPaper-elevation1 MuiAccordion-root MuiAccordion-rounded Mui-expanded MuiAccordion-gutters css-1elwnq4-MuiPaper-root-MuiAccordion-root"
              >
                <div
                  aria-expanded="true"
                  class="MuiButtonBase-root MuiAccordionSummary-root Mui-expanded MuiAccordionSummary-gutters css-sh22l5-MuiButtonBase-root-MuiAccordionSummary-root"
                  role="button"
                  tabindex="0"
                >
                  <div
                    class="MuiAccordionSummary-content Mui-expanded MuiAccordionSummary-contentGutters css-o4b71y-MuiAccordionSummary-content"
                  >
                    <p
                      class="MuiTypography-root MuiTypography-body1 css-ahj2mt-MuiTypography-root"
                    >
                      Organization(s)
                    </p>
                  </div>
                  <div
                    class="MuiAccordionSummary-expandIconWrapper Mui-expanded css-yw020d-MuiAccordionSummary-expandIconWrapper"
                  >
                    <svg
                      aria-hidden="true"
                      class="MuiSvgIcon-root MuiSvgIcon-fontSizeMedium css-i4bv87-MuiSvgIcon-root"
                      data-testid="ExpandMoreIcon"
                      focusable="false"
                      viewBox="0 0 24 24"
                    >
                      <path
                        d="M16.59 8.59 12 13.17 7.41 8.59 6 10l6 6 6-6z"
                      />
                    </svg>
                  </div>
                </div>
                <div
                  class="MuiCollapse-root MuiCollapse-vertical MuiCollapse-entered css-pwcg7p-MuiCollapse-root"
                  style="min-height: 0px;"
                >
                  <div
                    class="MuiCollapse-wrapper MuiCollapse-vertical css-smkl36-MuiCollapse-wrapper"
                  >
                    <div
                      class="MuiCollapse-wrapperInner MuiCollapse-vertical css-9l5vo-MuiCollapse-wrapperInner"
                    >
                      <div
                        class="MuiAccordion-region"
                        role="region"
                      >
                        <div
                          class="MuiAccordionDetails-root css-15v22id-MuiAccordionDetails-root"
                        >
                          <ul
                            class="MuiList-root MuiList-padding css-1lbrbe2-MuiList-root"
                          />
                          <br />
                        </div>
                      </div>
                    </div>
                  </div>
                </div>
              </div>
            </div>
          </div>
        </div>
        <main
          class="css-1ksfdcd"
        >
          <div>
            HEADER
          </div>
          <div
            class="MuiBox-root css-1ycota"
            id="main-content"
            tabindex="-1"
          />
          <div
            class="css-1ycjho2"
          >
            <div
              class="Footer-footerBox MuiBox-root css-0"
            >
              <div
                class="MuiGrid-root MuiGrid-container Footer-footerContainer css-11lq3yg-MuiGrid-root"
              >
                <div
                  class="MuiGrid-root MuiGrid-item MuiGrid-grid-xs-12 MuiGrid-grid-sm-2 Footer-footerLogo css-2shs9e-MuiGrid-root"
                >
                  <a
                    class="MuiTypography-root MuiTypography-inherit MuiLink-root MuiLink-underlineAlways css-smdm7r-MuiTypography-root-MuiLink-root"
                    href="/"
                  >
                    <img
                      alt="CyHy Dashboard Icon Navigate Home"
                      src="cyhydashboard.svg"
                    />
                  </a>
                </div>
                <div
                  class="MuiGrid-root MuiGrid-item MuiGrid-grid-xs-12 MuiGrid-grid-sm-2 Footer-footerNavItem css-2shs9e-MuiGrid-root"
                >
                  <a
                    class="MuiTypography-root MuiTypography-inherit MuiLink-root MuiLink-underlineAlways Footer-footerNavLink css-smdm7r-MuiTypography-root-MuiLink-root"
                    href="/"
                  >
                    Home
                  </a>
                </div>
                <div
                  class="MuiGrid-root MuiGrid-item MuiGrid-grid-xs-12 MuiGrid-grid-sm-2 Footer-footerNavItem css-2shs9e-MuiGrid-root"
                >
                  <p>
                    <a
                      class="MuiTypography-root MuiTypography-inherit MuiLink-root MuiLink-underlineAlways Footer-footerNavLink css-smdm7r-MuiTypography-root-MuiLink-root"
                      href="https://www.cisa.gov"
                      rel="noopener noreferrer"
                      target="_blank"
                    >
                      CISA Homepage
                    </a>
                  </p>
                </div>
                <div
                  class="MuiGrid-root MuiGrid-item MuiGrid-grid-xs-12 MuiGrid-grid-sm-2 Footer-footerNavItem css-2shs9e-MuiGrid-root"
                >
                  <p>
                    <a
                      class="MuiTypography-root MuiTypography-inherit MuiLink-root MuiLink-underlineAlways Footer-footerNavLink css-smdm7r-MuiTypography-root-MuiLink-root"
                      href="mailto:vulnerability@cisa.dhs.gov"
                    >
                      Contact Us
                    </a>
                  </p>
                </div>
                <div
                  class="MuiGrid-root MuiGrid-item MuiGrid-grid-xs-12 MuiGrid-grid-sm-2 Footer-footerNavItem css-2shs9e-MuiGrid-root"
                >
                  <p>
                    <a
                      class="MuiTypography-root MuiTypography-inherit MuiLink-root MuiLink-underlineAlways Footer-footerNavLink css-smdm7r-MuiTypography-root-MuiLink-root"
                      href="/"
                    >
                      Logout
                    </a>
                  </p>
                </div>
              </div>
            </div>
          </div>
        </main>
      </div>
    </div>
  </div>
</DocumentFragment>
`;
