// Jest Snapshot v1, https://goo.gl/fbAQLP

exports[`saved-search create create by user should succeed 1`] = `
Object {
  "count": 3,
  "createdAt": Any<String>,
  "createdBy": Object {
    "id": Any<String>,
  },
  "filters": Array [],
  "id": Any<String>,
  "name": Any<String>,
  "searchPath": "",
  "searchTerm": "",
  "sortDirection": "",
  "sortField": "",
  "updatedAt": Any<String>,
}
`;
